2026-02-03 17:28:12,490 [INFO] app: HTTP GET /instanceAll
2026-02-03 17:28:12,491 [INFO] app: Received request for /instanceAll
2026-02-03 17:28:12,491 [DEBUG] app.services.a2s_service: Starting query for server 94.101.179.89:27015 (tournofa-GunGame)
2026-02-03 17:28:12,494 [DEBUG] app.services.a2s_service: Starting query for server 94.101.179.89:27025 (tournofa-FightYard)
2026-02-03 17:28:12,494 [DEBUG] app.services.a2s_service: Starting query for server 94.101.179.89:27035 (tournofa-AWP)
2026-02-03 17:28:12,495 [DEBUG] app.services.a2s_service: Starting query for server 94.101.179.89:27045 (tournofa-DeathMatch)
2026-02-03 17:28:12,495 [DEBUG] app.services.a2s_service: Starting query for server 94.101.179.89:27055 (tournofa-GunGame-2)
2026-02-03 17:28:15,501 [WARNING] app.services.a2s_service: Timeout querying server 94.101.179.89:27035
2026-02-03 17:28:15,501 [WARNING] app.services.a2s_service: Timeout querying server 94.101.179.89:27025
2026-02-03 17:28:15,501 [WARNING] app.services.a2s_service: Timeout querying server 94.101.179.89:27015
2026-02-03 17:28:15,501 [WARNING] app.services.a2s_service: Timeout querying server 94.101.179.89:27055
2026-02-03 17:28:15,502 [WARNING] app.services.a2s_service: Timeout querying server 94.101.179.89:27045
2026-02-03 17:28:15,502 [DEBUG] app.services.a2s_service: Query all servers summary: {'server_count': 5, 'total_players': 0}
2026-02-03 17:28:15,502 [INFO] app: Completed GET /instanceAll in 3.012s -> 200
2026-02-03 17:28:15,502 [INFO] uvicorn.access: 127.0.0.1:58494 - "GET /instanceAll HTTP/1.1" 200
2026-02-03 17:29:19,339 [INFO] app: HTTP GET /instanceAll
2026-02-03 17:29:19,340 [INFO] app: Received request for /instanceAll
2026-02-03 17:29:19,340 [DEBUG] app.services.a2s_service: Starting query for server 172.18.160.1:27015 (tournofa-GunGame)
2026-02-03 17:29:19,343 [DEBUG] app.services.a2s_service: Starting query for server 172.18.160.1:27025 (tournofa-FightYard)
2026-02-03 17:29:19,344 [DEBUG] app.services.a2s_service: Starting query for server 172.18.160.1:27035 (tournofa-AWP)
2026-02-03 17:29:19,344 [DEBUG] app.services.a2s_service: Starting query for server 172.18.160.1:27045 (tournofa-DeathMatch)
2026-02-03 17:29:19,345 [DEBUG] app.services.a2s_service: Starting query for server 172.18.160.1:27055 (tournofa-GunGame-2)
2026-02-03 17:29:22,352 [WARNING] app.services.a2s_service: Timeout querying server 172.18.160.1:27025
2026-02-03 17:29:22,352 [WARNING] app.services.a2s_service: Timeout querying server 172.18.160.1:27055
2026-02-03 17:29:22,352 [WARNING] app.services.a2s_service: Timeout querying server 172.18.160.1:27045
2026-02-03 17:29:22,353 [WARNING] app.services.a2s_service: Timeout querying server 172.18.160.1:27015
2026-02-03 17:29:22,353 [WARNING] app.services.a2s_service: Timeout querying server 172.18.160.1:27035
2026-02-03 17:29:22,353 [DEBUG] app.services.a2s_service: Query all servers summary: {'server_count': 5, 'total_players': 0}
2026-02-03 17:29:22,354 [INFO] app: Completed GET /instanceAll in 3.015s -> 200
2026-02-03 17:29:22,354 [INFO] uvicorn.access: 127.0.0.1:54946 - "GET /instanceAll HTTP/1.1" 200
2026-02-03 17:37:26,698 [ERROR] uvicorn.error: Traceback (most recent call last):
  File "C:\Python314\Lib\asyncio\runners.py", line 127, in run
    return self._loop.run_until_complete(task)
           ~~~~~~~~~~~~~~~~~~~~~~~~~~~~~^^^^^^
  File "C:\Python314\Lib\asyncio\base_events.py", line 719, in run_until_complete
    return future.result()
           ~~~~~~~~~~~~~^^
asyncio.exceptions.CancelledError

During handling of the above exception, another exception occurred:

Traceback (most recent call last):
  File "C:\Python314\Lib\asyncio\runners.py", line 204, in run
    return runner.run(main)
           ~~~~~~~~~~^^^^^^
  File "C:\Python314\Lib\asyncio\runners.py", line 132, in run
    raise KeyboardInterrupt()
KeyboardInterrupt

During handling of the above exception, another exception occurred:

Traceback (most recent call last):
  File "C:\Users\hesam\Desktop\cs_server_api\.venv\Lib\site-packages\starlette\routing.py", line 701, in lifespan
    await receive()
  File "C:\Users\hesam\Desktop\cs_server_api\.venv\Lib\site-packages\uvicorn\lifespan\on.py", line 137, in receive
    return await self.receive_queue.get()
           ^^^^^^^^^^^^^^^^^^^^^^^^^^^^^^
  File "C:\Python314\Lib\asyncio\queues.py", line 186, in get
    await getter
asyncio.exceptions.CancelledError

2026-02-03 17:37:44,566 [INFO] app: HTTP GET /instanceAll
2026-02-03 17:37:44,566 [INFO] app: Received request for /instanceAll
2026-02-03 17:37:44,567 [DEBUG] app.services.a2s_service: Starting query for server 94.101.179.89:27015 (tournofa-GunGame)
2026-02-03 17:37:44,570 [DEBUG] app.services.a2s_service: Starting query for server 94.101.179.89:27025 (tournofa-FightYard)
2026-02-03 17:37:44,570 [DEBUG] app.services.a2s_service: Starting query for server 94.101.179.89:27035 (tournofa-AWP)
2026-02-03 17:37:44,571 [DEBUG] app.services.a2s_service: Starting query for server 94.101.179.89:27045 (tournofa-DeathMatch)
2026-02-03 17:37:44,571 [DEBUG] app.services.a2s_service: Starting query for server 94.101.179.89:27055 (tournofa-GunGame-2)
2026-02-03 17:37:44,579 [INFO] app.services.a2s_service: A2S info for 94.101.179.89:27015 -> name=tournofa - deathmatch map=de_dust2 players=1/32
2026-02-03 17:37:47,575 [WARNING] app.services.a2s_service: Timeout querying server 94.101.179.89:27055
2026-02-03 17:37:47,576 [WARNING] app.services.a2s_service: Timeout querying server 94.101.179.89:27025
2026-02-03 17:37:47,577 [WARNING] app.services.a2s_service: Timeout querying server 94.101.179.89:27035
2026-02-03 17:37:47,577 [WARNING] app.services.a2s_service: Timeout querying server 94.101.179.89:27045
2026-02-03 17:37:47,577 [DEBUG] app.services.a2s_service: Query all servers summary: {'server_count': 5, 'total_players': 1}
2026-02-03 17:37:47,578 [INFO] app: Completed GET /instanceAll in 3.012s -> 200
2026-02-03 17:37:47,578 [INFO] uvicorn.access: 127.0.0.1:64057 - "GET /instanceAll HTTP/1.1" 200
2026-02-03 17:38:56,012 [INFO] app: HTTP GET /instanceAll
2026-02-03 17:38:56,013 [INFO] app: Received request for /instanceAll
2026-02-03 17:38:56,013 [DEBUG] app.services.a2s_service: Starting query for server 94.101.179.89:27015 (tournofa-GunGame)
2026-02-03 17:38:56,013 [DEBUG] app.services.a2s_service: Starting query for server 94.101.179.89:27025 (tournofa-FightYard)
2026-02-03 17:38:56,013 [DEBUG] app.services.a2s_service: Starting query for server 94.101.179.89:27035 (tournofa-AWP)
2026-02-03 17:38:56,014 [DEBUG] app.services.a2s_service: Starting query for server 94.101.179.89:27045 (tournofa-DeathMatch)
2026-02-03 17:38:56,014 [DEBUG] app.services.a2s_service: Starting query for server 94.101.179.89:27055 (tournofa-GunGame-2)
2026-02-03 17:38:56,021 [INFO] app.services.a2s_service: A2S info for 94.101.179.89:27015 -> name=tournofa - deathmatch map=de_dust2 players=1/32
2026-02-03 17:38:59,022 [WARNING] app.services.a2s_service: Timeout querying server 94.101.179.89:27025
2026-02-03 17:38:59,022 [WARNING] app.services.a2s_service: Timeout querying server 94.101.179.89:27045
2026-02-03 17:38:59,023 [WARNING] app.services.a2s_service: Timeout querying server 94.101.179.89:27035
2026-02-03 17:38:59,023 [WARNING] app.services.a2s_service: Timeout querying server 94.101.179.89:27055
2026-02-03 17:38:59,024 [DEBUG] app.services.a2s_service: Query all servers summary: {'server_count': 5, 'total_players': 1}
2026-02-03 17:38:59,024 [INFO] app: Completed GET /instanceAll in 3.012s -> 200
2026-02-03 17:38:59,025 [INFO] uvicorn.access: 127.0.0.1:51384 - "GET /instanceAll HTTP/1.1" 200
2026-02-08 08:45:49,508 [INFO] app: HTTP GET /instanceAll
2026-02-08 08:45:49,524 [INFO] app: Received request for /instanceAll
2026-02-08 08:45:49,526 [DEBUG] app.services.a2s_service: Starting query for server host.docker.internal:27015 (tournofa-GunGame)
2026-02-08 08:45:49,527 [DEBUG] app.services.a2s_service: Starting query for server host.docker.internal:27025 (tournofa-FightYard)
2026-02-08 08:45:49,529 [DEBUG] app.services.a2s_service: Starting query for server host.docker.internal:27035 (tournofa-AWP)
2026-02-08 08:45:49,530 [DEBUG] app.services.a2s_service: Starting query for server host.docker.internal:27045 (tournofa-DeathMatch)
2026-02-08 08:45:49,531 [DEBUG] app.services.a2s_service: Starting query for server host.docker.internal:27055 (tournofa-GunGame-2)
2026-02-08 08:45:52,543 [WARNING] app.services.a2s_service: Timeout querying server host.docker.internal:27015
2026-02-08 08:45:52,548 [WARNING] app.services.a2s_service: Timeout querying server host.docker.internal:27025
2026-02-08 08:45:52,551 [WARNING] app.services.a2s_service: Timeout querying server host.docker.internal:27045
2026-02-08 08:45:52,553 [WARNING] app.services.a2s_service: Timeout querying server host.docker.internal:27035
2026-02-08 08:45:52,554 [WARNING] app.services.a2s_service: Timeout querying server host.docker.internal:27055
2026-02-08 08:45:52,555 [DEBUG] app.services.a2s_service: Query all servers summary: {'server_count': 5, 'total_players': 0}
2026-02-08 08:45:52,560 [INFO] app: Completed GET /instanceAll in 3.052s -> 200
2026-02-08 08:45:52,564 [INFO] uvicorn.access: 172.18.0.1:57428 - "GET /instanceAll HTTP/1.1" 200
2026-02-08 08:45:52,609 [INFO] app: HTTP GET /favicon.ico
2026-02-08 08:45:52,611 [INFO] app: Completed GET /favicon.ico in 0.002s -> 404
2026-02-08 08:45:52,612 [INFO] uvicorn.access: 172.18.0.1:57428 - "GET /favicon.ico HTTP/1.1" 404
2026-02-08 09:25:42,895 [INFO] app: HTTP GET /instanceAll
2026-02-08 09:25:42,898 [INFO] app: Received /instanceAll
2026-02-08 09:25:42,902 [INFO] uvicorn.access: 172.18.0.1:42572 - "GET /instanceAll HTTP/1.1" 500
2026-02-08 09:25:42,904 [ERROR] uvicorn.error: Exception in ASGI application
Traceback (most recent call last):
  File "/usr/local/lib/python3.11/site-packages/uvicorn/protocols/http/httptools_impl.py", line 416, in run_asgi
    result = await app(  # type: ignore[func-returns-value]
             ^^^^^^^^^^^^^^^^^^^^^^^^^^^^^^^^^^^^^^^^^^^^^^
  File "/usr/local/lib/python3.11/site-packages/uvicorn/middleware/proxy_headers.py", line 60, in __call__
    return await self.app(scope, receive, send)
           ^^^^^^^^^^^^^^^^^^^^^^^^^^^^^^^^^^^^
  File "/usr/local/lib/python3.11/site-packages/fastapi/applications.py", line 1135, in __call__
    await super().__call__(scope, receive, send)
  File "/usr/local/lib/python3.11/site-packages/starlette/applications.py", line 107, in __call__
    await self.middleware_stack(scope, receive, send)
  File "/usr/local/lib/python3.11/site-packages/starlette/middleware/errors.py", line 186, in __call__
    raise exc
  File "/usr/local/lib/python3.11/site-packages/starlette/middleware/errors.py", line 164, in __call__
    await self.app(scope, receive, _send)
  File "/usr/local/lib/python3.11/site-packages/starlette/middleware/base.py", line 191, in __call__
    with recv_stream, send_stream, collapse_excgroups():
  File "/usr/local/lib/python3.11/contextlib.py", line 158, in __exit__
    self.gen.throw(typ, value, traceback)
  File "/usr/local/lib/python3.11/site-packages/starlette/_utils.py", line 85, in collapse_excgroups
    raise exc
  File "/usr/local/lib/python3.11/site-packages/starlette/middleware/base.py", line 193, in __call__
    response = await self.dispatch_func(request, call_next)
               ^^^^^^^^^^^^^^^^^^^^^^^^^^^^^^^^^^^^^^^^^^^^
  File "/app/app/main.py", line 17, in log_requests
    response = await call_next(request)
               ^^^^^^^^^^^^^^^^^^^^^^^^
  File "/usr/local/lib/python3.11/site-packages/starlette/middleware/base.py", line 168, in call_next
    raise app_exc from app_exc.__cause__ or app_exc.__context__
  File "/usr/local/lib/python3.11/site-packages/starlette/middleware/base.py", line 144, in coro
    await self.app(scope, receive_or_disconnect, send_no_error)
  File "/usr/local/lib/python3.11/site-packages/starlette/middleware/exceptions.py", line 63, in __call__
    await wrap_app_handling_exceptions(self.app, conn)(scope, receive, send)
  File "/usr/local/lib/python3.11/site-packages/starlette/_exception_handler.py", line 53, in wrapped_app
    raise exc
  File "/usr/local/lib/python3.11/site-packages/starlette/_exception_handler.py", line 42, in wrapped_app
    await app(scope, receive, sender)
  File "/usr/local/lib/python3.11/site-packages/fastapi/middleware/asyncexitstack.py", line 18, in __call__
    await self.app(scope, receive, send)
  File "/usr/local/lib/python3.11/site-packages/starlette/routing.py", line 716, in __call__
    await self.middleware_stack(scope, receive, send)
  File "/usr/local/lib/python3.11/site-packages/starlette/routing.py", line 736, in app
    await route.handle(scope, receive, send)
  File "/usr/local/lib/python3.11/site-packages/starlette/routing.py", line 290, in handle
    await self.app(scope, receive, send)
  File "/usr/local/lib/python3.11/site-packages/fastapi/routing.py", line 115, in app
    await wrap_app_handling_exceptions(app, request)(scope, receive, send)
  File "/usr/local/lib/python3.11/site-packages/starlette/_exception_handler.py", line 53, in wrapped_app
    raise exc
  File "/usr/local/lib/python3.11/site-packages/starlette/_exception_handler.py", line 42, in wrapped_app
    await app(scope, receive, sender)
  File "/usr/local/lib/python3.11/site-packages/fastapi/routing.py", line 101, in app
    response = await f(request)
               ^^^^^^^^^^^^^^^^
  File "/usr/local/lib/python3.11/site-packages/fastapi/routing.py", line 355, in app
    raw_response = await run_endpoint_function(
                   ^^^^^^^^^^^^^^^^^^^^^^^^^^^^
  File "/usr/local/lib/python3.11/site-packages/fastapi/routing.py", line 243, in run_endpoint_function
    return await dependant.call(**values)
           ^^^^^^^^^^^^^^^^^^^^^^^^^^^^^^
  File "/app/app/api/server_routes.py", line 18, in instance_all
    summary = await query_all()
              ^^^^^^^^^^^^^^^^^
  File "/app/app/services/a2s_service.py", line 62, in query_all
    servers = load_servers()
              ^^^^^^^^^^^^^^
  File "/app/app/config.py", line 15, in load_servers
    data = json.loads(p.read_text(encoding="utf-8"))
                      ^^^^^^^^^^^^^^^^^^^^^^^^^^^^^
  File "/usr/local/lib/python3.11/pathlib.py", line 1058, in read_text
    with self.open(mode='r', encoding=encoding, errors=errors) as f:
         ^^^^^^^^^^^^^^^^^^^^^^^^^^^^^^^^^^^^^^^^^^^^^^^^^^^^^
  File "/usr/local/lib/python3.11/pathlib.py", line 1044, in open
    return io.open(self, mode, buffering, encoding, errors, newline)
           ^^^^^^^^^^^^^^^^^^^^^^^^^^^^^^^^^^^^^^^^^^^^^^^^^^^^^^^^^
IsADirectoryError: [Errno 21] Is a directory: '/app/servers.json'
2026-02-08 09:25:45,766 [INFO] app: HTTP GET /instanceAll
2026-02-08 09:25:45,768 [INFO] app: Received /instanceAll
2026-02-08 09:25:45,770 [INFO] uvicorn.access: 172.18.0.1:42588 - "GET /instanceAll HTTP/1.1" 500
2026-02-08 09:25:45,772 [ERROR] uvicorn.error: Exception in ASGI application
Traceback (most recent call last):
  File "/usr/local/lib/python3.11/site-packages/uvicorn/protocols/http/httptools_impl.py", line 416, in run_asgi
    result = await app(  # type: ignore[func-returns-value]
             ^^^^^^^^^^^^^^^^^^^^^^^^^^^^^^^^^^^^^^^^^^^^^^
  File "/usr/local/lib/python3.11/site-packages/uvicorn/middleware/proxy_headers.py", line 60, in __call__
    return await self.app(scope, receive, send)
           ^^^^^^^^^^^^^^^^^^^^^^^^^^^^^^^^^^^^
  File "/usr/local/lib/python3.11/site-packages/fastapi/applications.py", line 1135, in __call__
    await super().__call__(scope, receive, send)
  File "/usr/local/lib/python3.11/site-packages/starlette/applications.py", line 107, in __call__
    await self.middleware_stack(scope, receive, send)
  File "/usr/local/lib/python3.11/site-packages/starlette/middleware/errors.py", line 186, in __call__
    raise exc
  File "/usr/local/lib/python3.11/site-packages/starlette/middleware/errors.py", line 164, in __call__
    await self.app(scope, receive, _send)
  File "/usr/local/lib/python3.11/site-packages/starlette/middleware/base.py", line 191, in __call__
    with recv_stream, send_stream, collapse_excgroups():
  File "/usr/local/lib/python3.11/contextlib.py", line 158, in __exit__
    self.gen.throw(typ, value, traceback)
  File "/usr/local/lib/python3.11/site-packages/starlette/_utils.py", line 85, in collapse_excgroups
    raise exc
  File "/usr/local/lib/python3.11/site-packages/starlette/middleware/base.py", line 193, in __call__
    response = await self.dispatch_func(request, call_next)
               ^^^^^^^^^^^^^^^^^^^^^^^^^^^^^^^^^^^^^^^^^^^^
  File "/app/app/main.py", line 17, in log_requests
    response = await call_next(request)
               ^^^^^^^^^^^^^^^^^^^^^^^^
  File "/usr/local/lib/python3.11/site-packages/starlette/middleware/base.py", line 168, in call_next
    raise app_exc from app_exc.__cause__ or app_exc.__context__
  File "/usr/local/lib/python3.11/site-packages/starlette/middleware/base.py", line 144, in coro
    await self.app(scope, receive_or_disconnect, send_no_error)
  File "/usr/local/lib/python3.11/site-packages/starlette/middleware/exceptions.py", line 63, in __call__
    await wrap_app_handling_exceptions(self.app, conn)(scope, receive, send)
  File "/usr/local/lib/python3.11/site-packages/starlette/_exception_handler.py", line 53, in wrapped_app
    raise exc
  File "/usr/local/lib/python3.11/site-packages/starlette/_exception_handler.py", line 42, in wrapped_app
    await app(scope, receive, sender)
  File "/usr/local/lib/python3.11/site-packages/fastapi/middleware/asyncexitstack.py", line 18, in __call__
    await self.app(scope, receive, send)
  File "/usr/local/lib/python3.11/site-packages/starlette/routing.py", line 716, in __call__
    await self.middleware_stack(scope, receive, send)
  File "/usr/local/lib/python3.11/site-packages/starlette/routing.py", line 736, in app
    await route.handle(scope, receive, send)
  File "/usr/local/lib/python3.11/site-packages/starlette/routing.py", line 290, in handle
    await self.app(scope, receive, send)
  File "/usr/local/lib/python3.11/site-packages/fastapi/routing.py", line 115, in app
    await wrap_app_handling_exceptions(app, request)(scope, receive, send)
  File "/usr/local/lib/python3.11/site-packages/starlette/_exception_handler.py", line 53, in wrapped_app
    raise exc
  File "/usr/local/lib/python3.11/site-packages/starlette/_exception_handler.py", line 42, in wrapped_app
    await app(scope, receive, sender)
  File "/usr/local/lib/python3.11/site-packages/fastapi/routing.py", line 101, in app
    response = await f(request)
               ^^^^^^^^^^^^^^^^
  File "/usr/local/lib/python3.11/site-packages/fastapi/routing.py", line 355, in app
    raw_response = await run_endpoint_function(
                   ^^^^^^^^^^^^^^^^^^^^^^^^^^^^
  File "/usr/local/lib/python3.11/site-packages/fastapi/routing.py", line 243, in run_endpoint_function
    return await dependant.call(**values)
           ^^^^^^^^^^^^^^^^^^^^^^^^^^^^^^
  File "/app/app/api/server_routes.py", line 18, in instance_all
    summary = await query_all()
              ^^^^^^^^^^^^^^^^^
  File "/app/app/services/a2s_service.py", line 62, in query_all
    servers = load_servers()
              ^^^^^^^^^^^^^^
  File "/app/app/config.py", line 15, in load_servers
    data = json.loads(p.read_text(encoding="utf-8"))
                      ^^^^^^^^^^^^^^^^^^^^^^^^^^^^^
  File "/usr/local/lib/python3.11/pathlib.py", line 1058, in read_text
    with self.open(mode='r', encoding=encoding, errors=errors) as f:
         ^^^^^^^^^^^^^^^^^^^^^^^^^^^^^^^^^^^^^^^^^^^^^^^^^^^^^
  File "/usr/local/lib/python3.11/pathlib.py", line 1044, in open
    return io.open(self, mode, buffering, encoding, errors, newline)
           ^^^^^^^^^^^^^^^^^^^^^^^^^^^^^^^^^^^^^^^^^^^^^^^^^^^^^^^^^
IsADirectoryError: [Errno 21] Is a directory: '/app/servers.json'
2026-02-08 09:28:39,208 [INFO] app: HTTP GET /instanceAll
2026-02-08 09:28:39,211 [INFO] app: Received /instanceAll
2026-02-08 09:28:39,214 [DEBUG] app.services.a2s_service: Querying A2S 94.101.179.89:27015
2026-02-08 09:28:39,215 [DEBUG] app.services.a2s_service: Querying A2S 94.101.179.89:27025
2026-02-08 09:28:39,216 [DEBUG] app.services.a2s_service: Querying A2S 94.101.179.89:27035
2026-02-08 09:28:39,217 [DEBUG] app.services.a2s_service: Querying A2S 94.101.179.89:27045
2026-02-08 09:28:39,219 [DEBUG] app.services.a2s_service: Querying A2S 94.101.179.89:27055
2026-02-08 09:28:39,703 [INFO] app: Completed GET /instanceAll in 0.495s -> 200
2026-02-08 09:28:39,705 [INFO] uvicorn.access: 172.18.0.1:54072 - "GET /instanceAll HTTP/1.1" 200
2026-02-21 14:02:40,686 [WARNING] app: Unauthorized request to /serverList from 172.18.0.1
2026-02-21 14:02:40,687 [INFO] uvicorn.access: 172.18.0.1:39026 - "POST /serverList?X-API-Key=sk_live_7lG6Jk5xuJfoepe4qxo1zilZ3S4UQT1d HTTP/1.1" 500
2026-02-21 14:02:40,688 [ERROR] uvicorn.error: Exception in ASGI application
  + Exception Group Traceback (most recent call last):
  |   File "/usr/local/lib/python3.11/site-packages/starlette/_utils.py", line 79, in collapse_excgroups
  |     yield
  |   File "/usr/local/lib/python3.11/site-packages/starlette/middleware/base.py", line 192, in __call__
  |     async with anyio.create_task_group() as task_group:
  |   File "/usr/local/lib/python3.11/site-packages/anyio/_backends/_asyncio.py", line 783, in __aexit__
  |     raise BaseExceptionGroup(
  | ExceptionGroup: unhandled errors in a TaskGroup (1 sub-exception)
  +-+---------------- 1 ----------------
    | Traceback (most recent call last):
    |   File "/usr/local/lib/python3.11/site-packages/uvicorn/protocols/http/httptools_impl.py", line 416, in run_asgi
    |     result = await app(  # type: ignore[func-returns-value]
    |              ^^^^^^^^^^^^^^^^^^^^^^^^^^^^^^^^^^^^^^^^^^^^^^
    |   File "/usr/local/lib/python3.11/site-packages/uvicorn/middleware/proxy_headers.py", line 60, in __call__
    |     return await self.app(scope, receive, send)
    |            ^^^^^^^^^^^^^^^^^^^^^^^^^^^^^^^^^^^^
    |   File "/usr/local/lib/python3.11/site-packages/fastapi/applications.py", line 1135, in __call__
    |     await super().__call__(scope, receive, send)
    |   File "/usr/local/lib/python3.11/site-packages/starlette/applications.py", line 107, in __call__
    |     await self.middleware_stack(scope, receive, send)
    |   File "/usr/local/lib/python3.11/site-packages/starlette/middleware/errors.py", line 186, in __call__
    |     raise exc
    |   File "/usr/local/lib/python3.11/site-packages/starlette/middleware/errors.py", line 164, in __call__
    |     await self.app(scope, receive, _send)
    |   File "/usr/local/lib/python3.11/site-packages/starlette/middleware/base.py", line 191, in __call__
    |     with recv_stream, send_stream, collapse_excgroups():
    |   File "/usr/local/lib/python3.11/contextlib.py", line 158, in __exit__
    |     self.gen.throw(typ, value, traceback)
    |   File "/usr/local/lib/python3.11/site-packages/starlette/_utils.py", line 85, in collapse_excgroups
    |     raise exc
    |   File "/usr/local/lib/python3.11/site-packages/starlette/middleware/base.py", line 194, in __call__
    |     await response(scope, wrapped_receive, send)
    |           ^^^^^^^^^^^^^^^^^^^^^^^^^^^^^^^^^^^^^^
    | TypeError: 'HTTPException' object is not callable
    +------------------------------------

During handling of the above exception, another exception occurred:

Traceback (most recent call last):
  File "/usr/local/lib/python3.11/site-packages/uvicorn/protocols/http/httptools_impl.py", line 416, in run_asgi
    result = await app(  # type: ignore[func-returns-value]
             ^^^^^^^^^^^^^^^^^^^^^^^^^^^^^^^^^^^^^^^^^^^^^^
  File "/usr/local/lib/python3.11/site-packages/uvicorn/middleware/proxy_headers.py", line 60, in __call__
    return await self.app(scope, receive, send)
           ^^^^^^^^^^^^^^^^^^^^^^^^^^^^^^^^^^^^
  File "/usr/local/lib/python3.11/site-packages/fastapi/applications.py", line 1135, in __call__
    await super().__call__(scope, receive, send)
  File "/usr/local/lib/python3.11/site-packages/starlette/applications.py", line 107, in __call__
    await self.middleware_stack(scope, receive, send)
  File "/usr/local/lib/python3.11/site-packages/starlette/middleware/errors.py", line 186, in __call__
    raise exc
  File "/usr/local/lib/python3.11/site-packages/starlette/middleware/errors.py", line 164, in __call__
    await self.app(scope, receive, _send)
  File "/usr/local/lib/python3.11/site-packages/starlette/middleware/base.py", line 191, in __call__
    with recv_stream, send_stream, collapse_excgroups():
  File "/usr/local/lib/python3.11/contextlib.py", line 158, in __exit__
    self.gen.throw(typ, value, traceback)
  File "/usr/local/lib/python3.11/site-packages/starlette/_utils.py", line 85, in collapse_excgroups
    raise exc
  File "/usr/local/lib/python3.11/site-packages/starlette/middleware/base.py", line 194, in __call__
    await response(scope, wrapped_receive, send)
          ^^^^^^^^^^^^^^^^^^^^^^^^^^^^^^^^^^^^^^
TypeError: 'HTTPException' object is not callable
2026-02-21 14:12:51,529 [WARNING] app: Unauthorized request to /serverList from 127.0.0.1
2026-02-21 14:12:51,529 [INFO] uvicorn.access: 127.0.0.1:50659 - "POST /serverList?X-API-Key=sk_live_7lG6Jk5xuJfoepe4qxo1zilZ3S4UQT1d HTTP/1.1" 500
2026-02-21 14:12:51,530 [ERROR] uvicorn.error: Exception in ASGI application
  + Exception Group Traceback (most recent call last):
  |   File "C:\Users\hesam\Desktop\cs_server_api\.venv\Lib\site-packages\starlette\_utils.py", line 79, in collapse_excgroups
  |     yield
  |   File "C:\Users\hesam\Desktop\cs_server_api\.venv\Lib\site-packages\starlette\middleware\base.py", line 192, in __call__
  |     async with anyio.create_task_group() as task_group:
  |                ~~~~~~~~~~~~~~~~~~~~~~~^^
  |   File "C:\Users\hesam\Desktop\cs_server_api\.venv\Lib\site-packages\anyio\_backends\_asyncio.py", line 783, in __aexit__
  |     raise BaseExceptionGroup(
  |         "unhandled errors in a TaskGroup", self._exceptions
  |     ) from None
  | ExceptionGroup: unhandled errors in a TaskGroup (1 sub-exception)
  +-+---------------- 1 ----------------
    | Traceback (most recent call last):
    |   File "C:\Users\hesam\Desktop\cs_server_api\.venv\Lib\site-packages\uvicorn\protocols\http\httptools_impl.py", line 416, in run_asgi
    |     result = await app(  # type: ignore[func-returns-value]
    |              ^^^^^^^^^^^^^^^^^^^^^^^^^^^^^^^^^^^^^^^^^^^^^^
    |         self.scope, self.receive, self.send
    |         ^^^^^^^^^^^^^^^^^^^^^^^^^^^^^^^^^^^
    |     )
    |     ^
    |   File "C:\Users\hesam\Desktop\cs_server_api\.venv\Lib\site-packages\uvicorn\middleware\proxy_headers.py", line 60, in __call__
    |     return await self.app(scope, receive, send)
    |            ^^^^^^^^^^^^^^^^^^^^^^^^^^^^^^^^^^^^
    |   File "C:\Users\hesam\Desktop\cs_server_api\.venv\Lib\site-packages\fastapi\applications.py", line 1135, in __call__
    |     await super().__call__(scope, receive, send)
    |   File "C:\Users\hesam\Desktop\cs_server_api\.venv\Lib\site-packages\starlette\applications.py", line 107, in __call__
    |     await self.middleware_stack(scope, receive, send)
    |   File "C:\Users\hesam\Desktop\cs_server_api\.venv\Lib\site-packages\starlette\middleware\errors.py", line 186, in __call__
    |     raise exc
    |   File "C:\Users\hesam\Desktop\cs_server_api\.venv\Lib\site-packages\starlette\middleware\errors.py", line 164, in __call__
    |     await self.app(scope, receive, _send)
    |   File "C:\Users\hesam\Desktop\cs_server_api\.venv\Lib\site-packages\starlette\middleware\base.py", line 191, in __call__
    |     with recv_stream, send_stream, collapse_excgroups():
    |                                    ~~~~~~~~~~~~~~~~~~^^
    |   File "C:\Python314\Lib\contextlib.py", line 162, in __exit__
    |     self.gen.throw(value)
    |     ~~~~~~~~~~~~~~^^^^^^^
    |   File "C:\Users\hesam\Desktop\cs_server_api\.venv\Lib\site-packages\starlette\_utils.py", line 85, in collapse_excgroups
    |     raise exc
    |   File "C:\Users\hesam\Desktop\cs_server_api\.venv\Lib\site-packages\starlette\middleware\base.py", line 194, in __call__
    |     await response(scope, wrapped_receive, send)
    |           ~~~~~~~~^^^^^^^^^^^^^^^^^^^^^^^^^^^^^^
    | TypeError: 'HTTPException' object is not callable
    +------------------------------------

During handling of the above exception, another exception occurred:

Traceback (most recent call last):
  File "C:\Users\hesam\Desktop\cs_server_api\.venv\Lib\site-packages\uvicorn\protocols\http\httptools_impl.py", line 416, in run_asgi
    result = await app(  # type: ignore[func-returns-value]
             ^^^^^^^^^^^^^^^^^^^^^^^^^^^^^^^^^^^^^^^^^^^^^^
        self.scope, self.receive, self.send
        ^^^^^^^^^^^^^^^^^^^^^^^^^^^^^^^^^^^
    )
    ^
  File "C:\Users\hesam\Desktop\cs_server_api\.venv\Lib\site-packages\uvicorn\middleware\proxy_headers.py", line 60, in __call__
    return await self.app(scope, receive, send)
           ^^^^^^^^^^^^^^^^^^^^^^^^^^^^^^^^^^^^
  File "C:\Users\hesam\Desktop\cs_server_api\.venv\Lib\site-packages\fastapi\applications.py", line 1135, in __call__
    await super().__call__(scope, receive, send)
  File "C:\Users\hesam\Desktop\cs_server_api\.venv\Lib\site-packages\starlette\applications.py", line 107, in __call__
    await self.middleware_stack(scope, receive, send)
  File "C:\Users\hesam\Desktop\cs_server_api\.venv\Lib\site-packages\starlette\middleware\errors.py", line 186, in __call__
    raise exc
  File "C:\Users\hesam\Desktop\cs_server_api\.venv\Lib\site-packages\starlette\middleware\errors.py", line 164, in __call__
    await self.app(scope, receive, _send)
  File "C:\Users\hesam\Desktop\cs_server_api\.venv\Lib\site-packages\starlette\middleware\base.py", line 191, in __call__
    with recv_stream, send_stream, collapse_excgroups():
                                   ~~~~~~~~~~~~~~~~~~^^
  File "C:\Python314\Lib\contextlib.py", line 162, in __exit__
    self.gen.throw(value)
    ~~~~~~~~~~~~~~^^^^^^^
  File "C:\Users\hesam\Desktop\cs_server_api\.venv\Lib\site-packages\starlette\_utils.py", line 85, in collapse_excgroups
    raise exc
  File "C:\Users\hesam\Desktop\cs_server_api\.venv\Lib\site-packages\starlette\middleware\base.py", line 194, in __call__
    await response(scope, wrapped_receive, send)
          ~~~~~~~~^^^^^^^^^^^^^^^^^^^^^^^^^^^^^^
TypeError: 'HTTPException' object is not callable
2026-02-21 14:17:30,914 [WARNING] app: Unauthorized request to /serverList from 127.0.0.1
2026-02-21 14:17:30,915 [INFO] uvicorn.access: 127.0.0.1:58748 - "POST /serverList?X-API-Key=sk_live_7lG6Jk5xuJfoepe4qxo1zilZ3S4UQT1d HTTP/1.1" 500
2026-02-21 14:17:30,915 [ERROR] uvicorn.error: Exception in ASGI application
  + Exception Group Traceback (most recent call last):
  |   File "C:\Users\hesam\Desktop\cs_server_api\.venv\Lib\site-packages\starlette\_utils.py", line 79, in collapse_excgroups
  |     yield
  |   File "C:\Users\hesam\Desktop\cs_server_api\.venv\Lib\site-packages\starlette\middleware\base.py", line 192, in __call__
  |     async with anyio.create_task_group() as task_group:
  |                ~~~~~~~~~~~~~~~~~~~~~~~^^
  |   File "C:\Users\hesam\Desktop\cs_server_api\.venv\Lib\site-packages\anyio\_backends\_asyncio.py", line 783, in __aexit__
  |     raise BaseExceptionGroup(
  |         "unhandled errors in a TaskGroup", self._exceptions
  |     ) from None
  | ExceptionGroup: unhandled errors in a TaskGroup (1 sub-exception)
  +-+---------------- 1 ----------------
    | Traceback (most recent call last):
    |   File "C:\Users\hesam\Desktop\cs_server_api\.venv\Lib\site-packages\uvicorn\protocols\http\httptools_impl.py", line 416, in run_asgi
    |     result = await app(  # type: ignore[func-returns-value]
    |              ^^^^^^^^^^^^^^^^^^^^^^^^^^^^^^^^^^^^^^^^^^^^^^
    |         self.scope, self.receive, self.send
    |         ^^^^^^^^^^^^^^^^^^^^^^^^^^^^^^^^^^^
    |     )
    |     ^
    |   File "C:\Users\hesam\Desktop\cs_server_api\.venv\Lib\site-packages\uvicorn\middleware\proxy_headers.py", line 60, in __call__
    |     return await self.app(scope, receive, send)
    |            ^^^^^^^^^^^^^^^^^^^^^^^^^^^^^^^^^^^^
    |   File "C:\Users\hesam\Desktop\cs_server_api\.venv\Lib\site-packages\fastapi\applications.py", line 1135, in __call__
    |     await super().__call__(scope, receive, send)
    |   File "C:\Users\hesam\Desktop\cs_server_api\.venv\Lib\site-packages\starlette\applications.py", line 107, in __call__
    |     await self.middleware_stack(scope, receive, send)
    |   File "C:\Users\hesam\Desktop\cs_server_api\.venv\Lib\site-packages\starlette\middleware\errors.py", line 186, in __call__
    |     raise exc
    |   File "C:\Users\hesam\Desktop\cs_server_api\.venv\Lib\site-packages\starlette\middleware\errors.py", line 164, in __call__
    |     await self.app(scope, receive, _send)
    |   File "C:\Users\hesam\Desktop\cs_server_api\.venv\Lib\site-packages\starlette\middleware\base.py", line 191, in __call__
    |     with recv_stream, send_stream, collapse_excgroups():
    |                                    ~~~~~~~~~~~~~~~~~~^^
    |   File "C:\Python314\Lib\contextlib.py", line 162, in __exit__
    |     self.gen.throw(value)
    |     ~~~~~~~~~~~~~~^^^^^^^
    |   File "C:\Users\hesam\Desktop\cs_server_api\.venv\Lib\site-packages\starlette\_utils.py", line 85, in collapse_excgroups
    |     raise exc
    |   File "C:\Users\hesam\Desktop\cs_server_api\.venv\Lib\site-packages\starlette\middleware\base.py", line 194, in __call__
    |     await response(scope, wrapped_receive, send)
    |           ~~~~~~~~^^^^^^^^^^^^^^^^^^^^^^^^^^^^^^
    | TypeError: 'HTTPException' object is not callable
    +------------------------------------

During handling of the above exception, another exception occurred:

Traceback (most recent call last):
  File "C:\Users\hesam\Desktop\cs_server_api\.venv\Lib\site-packages\uvicorn\protocols\http\httptools_impl.py", line 416, in run_asgi
    result = await app(  # type: ignore[func-returns-value]
             ^^^^^^^^^^^^^^^^^^^^^^^^^^^^^^^^^^^^^^^^^^^^^^
        self.scope, self.receive, self.send
        ^^^^^^^^^^^^^^^^^^^^^^^^^^^^^^^^^^^
    )
    ^
  File "C:\Users\hesam\Desktop\cs_server_api\.venv\Lib\site-packages\uvicorn\middleware\proxy_headers.py", line 60, in __call__
    return await self.app(scope, receive, send)
           ^^^^^^^^^^^^^^^^^^^^^^^^^^^^^^^^^^^^
  File "C:\Users\hesam\Desktop\cs_server_api\.venv\Lib\site-packages\fastapi\applications.py", line 1135, in __call__
    await super().__call__(scope, receive, send)
  File "C:\Users\hesam\Desktop\cs_server_api\.venv\Lib\site-packages\starlette\applications.py", line 107, in __call__
    await self.middleware_stack(scope, receive, send)
  File "C:\Users\hesam\Desktop\cs_server_api\.venv\Lib\site-packages\starlette\middleware\errors.py", line 186, in __call__
    raise exc
  File "C:\Users\hesam\Desktop\cs_server_api\.venv\Lib\site-packages\starlette\middleware\errors.py", line 164, in __call__
    await self.app(scope, receive, _send)
  File "C:\Users\hesam\Desktop\cs_server_api\.venv\Lib\site-packages\starlette\middleware\base.py", line 191, in __call__
    with recv_stream, send_stream, collapse_excgroups():
                                   ~~~~~~~~~~~~~~~~~~^^
  File "C:\Python314\Lib\contextlib.py", line 162, in __exit__
    self.gen.throw(value)
    ~~~~~~~~~~~~~~^^^^^^^
  File "C:\Users\hesam\Desktop\cs_server_api\.venv\Lib\site-packages\starlette\_utils.py", line 85, in collapse_excgroups
    raise exc
  File "C:\Users\hesam\Desktop\cs_server_api\.venv\Lib\site-packages\starlette\middleware\base.py", line 194, in __call__
    await response(scope, wrapped_receive, send)
          ~~~~~~~~^^^^^^^^^^^^^^^^^^^^^^^^^^^^^^
TypeError: 'HTTPException' object is not callable
2026-02-21 14:18:28,246 [INFO] app: HTTP POST /serverList
2026-02-21 14:18:28,247 [INFO] app: Completed POST /serverList in 0.001s -> 405
2026-02-21 14:18:28,247 [INFO] uvicorn.access: 127.0.0.1:50166 - "POST /serverList?X-API-Key=sk_live_7lG6Jk5xuJfoepe4qxo1zilZ3S4UQT1d HTTP/1.1" 405
2026-02-21 14:20:21,968 [INFO] app: HTTP GET /serverList
2026-02-21 14:20:21,969 [INFO] app: Received /instanceAll
2026-02-21 14:20:21,970 [DEBUG] app.services.a2s_service: Querying A2S 94.101.179.89:27015
2026-02-21 14:20:21,991 [DEBUG] app.services.a2s_service: Querying A2S 94.101.179.89:27025
2026-02-21 14:20:21,991 [DEBUG] app.services.a2s_service: Querying A2S 94.101.179.89:27035
2026-02-21 14:20:21,992 [DEBUG] app.services.a2s_service: Querying A2S 94.101.179.89:27045
2026-02-21 14:20:21,992 [DEBUG] app.services.a2s_service: Querying A2S 94.101.179.89:27055
2026-02-21 14:20:25,000 [WARNING] app.services.a2s_service: Timeout querying server 94.101.179.89:27035
2026-02-21 14:20:25,001 [WARNING] app.services.a2s_service: Timeout querying server 94.101.179.89:27045
2026-02-21 14:20:25,003 [INFO] app: Completed GET /serverList in 3.035s -> 200
2026-02-21 14:20:25,004 [INFO] uvicorn.access: 127.0.0.1:51275 - "GET /serverList?X-API-Key=sk_live_7lG6Jk5xuJfoepe4qxo1zilZ3S4UQT1d HTTP/1.1" 200
2026-02-21 14:21:22,054 [INFO] app: HTTP GET /serverList
2026-02-21 14:21:22,057 [INFO] app: Received /instanceAll
2026-02-21 14:21:22,060 [DEBUG] app.services.a2s_service: Querying A2S 94.101.179.89:27015
2026-02-21 14:21:22,060 [DEBUG] app.services.a2s_service: Querying A2S 94.101.179.89:27025
2026-02-21 14:21:22,061 [DEBUG] app.services.a2s_service: Querying A2S 94.101.179.89:27035
2026-02-21 14:21:22,062 [DEBUG] app.services.a2s_service: Querying A2S 94.101.179.89:27045
2026-02-21 14:21:22,062 [DEBUG] app.services.a2s_service: Querying A2S 94.101.179.89:27055
2026-02-21 14:21:25,067 [WARNING] app.services.a2s_service: Timeout querying server 94.101.179.89:27035
2026-02-21 14:21:25,069 [WARNING] app.services.a2s_service: Timeout querying server 94.101.179.89:27045
2026-02-21 14:21:25,071 [INFO] app: Completed GET /serverList in 3.017s -> 200
2026-02-21 14:21:25,072 [INFO] uvicorn.access: 172.18.0.1:48054 - "GET /serverList?X-API-Key=sk_live_7lG6Jk5xuJfoepe4qxo1zilZ3S4UQT1d HTTP/1.1" 200
2026-02-22 11:55:19,032 [INFO] app: HTTP GET /serverList
2026-02-22 11:55:19,036 [INFO] app: Received /instanceAll
2026-02-22 11:55:19,038 [DEBUG] app.services.a2s_service: Querying A2S 94.101.179.89:27015
2026-02-22 11:55:19,043 [DEBUG] app.services.a2s_service: Querying A2S 94.101.179.89:27025
2026-02-22 11:55:19,044 [DEBUG] app.services.a2s_service: Querying A2S 94.101.179.89:27035
2026-02-22 11:55:19,046 [DEBUG] app.services.a2s_service: Querying A2S 94.101.179.89:27045
2026-02-22 11:55:19,047 [DEBUG] app.services.a2s_service: Querying A2S 94.101.179.89:27055
2026-02-22 11:55:22,048 [WARNING] app.services.a2s_service: Timeout querying server 94.101.179.89:27015
2026-02-22 11:55:22,050 [WARNING] app.services.a2s_service: Timeout querying server 94.101.179.89:27035
2026-02-22 11:55:22,051 [WARNING] app.services.a2s_service: Timeout querying server 94.101.179.89:27025
2026-02-22 11:55:22,052 [WARNING] app.services.a2s_service: Timeout querying server 94.101.179.89:27045
2026-02-22 11:55:22,054 [WARNING] app.services.a2s_service: Timeout querying server 94.101.179.89:27055
2026-02-22 11:55:22,056 [INFO] app: Completed GET /serverList in 3.024s -> 200
2026-02-22 11:55:22,056 [INFO] uvicorn.access: 127.0.0.1:44252 - "GET /serverList?X-API-Key=sk_live_7lG6Jk5xuJfoepe4qxo1zilZ3S4UQT1d HTTP/1.1" 200
2026-02-22 11:55:22,195 [WARNING] app: Unauthorized request to /favicon.ico from 127.0.0.1
2026-02-22 11:55:22,196 [INFO] uvicorn.access: 127.0.0.1:44252 - "GET /favicon.ico HTTP/1.1" 500
2026-02-22 11:55:22,197 [ERROR] uvicorn.error: Exception in ASGI application
  + Exception Group Traceback (most recent call last):
  |   File "/home/hesam/Desktop/work/cs-server-api/cs_server_api/venv/lib/python3.12/site-packages/starlette/_utils.py", line 79, in collapse_excgroups
  |     yield
  |   File "/home/hesam/Desktop/work/cs-server-api/cs_server_api/venv/lib/python3.12/site-packages/starlette/middleware/base.py", line 192, in __call__
  |     async with anyio.create_task_group() as task_group:
  |   File "/home/hesam/Desktop/work/cs-server-api/cs_server_api/venv/lib/python3.12/site-packages/anyio/_backends/_asyncio.py", line 783, in __aexit__
  |     raise BaseExceptionGroup(
  | ExceptionGroup: unhandled errors in a TaskGroup (1 sub-exception)
  +-+---------------- 1 ----------------
    | Traceback (most recent call last):
    |   File "/home/hesam/Desktop/work/cs-server-api/cs_server_api/venv/lib/python3.12/site-packages/uvicorn/protocols/http/httptools_impl.py", line 416, in run_asgi
    |     result = await app(  # type: ignore[func-returns-value]
    |              ^^^^^^^^^^^^^^^^^^^^^^^^^^^^^^^^^^^^^^^^^^^^^^
    |   File "/home/hesam/Desktop/work/cs-server-api/cs_server_api/venv/lib/python3.12/site-packages/uvicorn/middleware/proxy_headers.py", line 60, in __call__
    |     return await self.app(scope, receive, send)
    |            ^^^^^^^^^^^^^^^^^^^^^^^^^^^^^^^^^^^^
    |   File "/home/hesam/Desktop/work/cs-server-api/cs_server_api/venv/lib/python3.12/site-packages/fastapi/applications.py", line 1135, in __call__
    |     await super().__call__(scope, receive, send)
    |   File "/home/hesam/Desktop/work/cs-server-api/cs_server_api/venv/lib/python3.12/site-packages/starlette/applications.py", line 107, in __call__
    |     await self.middleware_stack(scope, receive, send)
    |   File "/home/hesam/Desktop/work/cs-server-api/cs_server_api/venv/lib/python3.12/site-packages/starlette/middleware/errors.py", line 186, in __call__
    |     raise exc
    |   File "/home/hesam/Desktop/work/cs-server-api/cs_server_api/venv/lib/python3.12/site-packages/starlette/middleware/errors.py", line 164, in __call__
    |     await self.app(scope, receive, _send)
    |   File "/home/hesam/Desktop/work/cs-server-api/cs_server_api/venv/lib/python3.12/site-packages/starlette/middleware/base.py", line 191, in __call__
    |     with recv_stream, send_stream, collapse_excgroups():
    |   File "/usr/lib/python3.12/contextlib.py", line 158, in __exit__
    |     self.gen.throw(value)
    |   File "/home/hesam/Desktop/work/cs-server-api/cs_server_api/venv/lib/python3.12/site-packages/starlette/_utils.py", line 85, in collapse_excgroups
    |     raise exc
    |   File "/home/hesam/Desktop/work/cs-server-api/cs_server_api/venv/lib/python3.12/site-packages/starlette/middleware/base.py", line 193, in __call__
    |     response = await self.dispatch_func(request, call_next)
    |                ^^^^^^^^^^^^^^^^^^^^^^^^^^^^^^^^^^^^^^^^^^^^
    |   File "/home/hesam/Desktop/work/cs-server-api/cs_server_api/app/main.py", line 35, in api_key_middleware
    |     raise HTTPException(status_code=HTTP_401_UNAUTHORIZED, detail="Invalid or missing API key")
    | fastapi.exceptions.HTTPException: 401: Invalid or missing API key
    +------------------------------------

During handling of the above exception, another exception occurred:

Traceback (most recent call last):
  File "/home/hesam/Desktop/work/cs-server-api/cs_server_api/venv/lib/python3.12/site-packages/uvicorn/protocols/http/httptools_impl.py", line 416, in run_asgi
    result = await app(  # type: ignore[func-returns-value]
             ^^^^^^^^^^^^^^^^^^^^^^^^^^^^^^^^^^^^^^^^^^^^^^
  File "/home/hesam/Desktop/work/cs-server-api/cs_server_api/venv/lib/python3.12/site-packages/uvicorn/middleware/proxy_headers.py", line 60, in __call__
    return await self.app(scope, receive, send)
           ^^^^^^^^^^^^^^^^^^^^^^^^^^^^^^^^^^^^
  File "/home/hesam/Desktop/work/cs-server-api/cs_server_api/venv/lib/python3.12/site-packages/fastapi/applications.py", line 1135, in __call__
    await super().__call__(scope, receive, send)
  File "/home/hesam/Desktop/work/cs-server-api/cs_server_api/venv/lib/python3.12/site-packages/starlette/applications.py", line 107, in __call__
    await self.middleware_stack(scope, receive, send)
  File "/home/hesam/Desktop/work/cs-server-api/cs_server_api/venv/lib/python3.12/site-packages/starlette/middleware/errors.py", line 186, in __call__
    raise exc
  File "/home/hesam/Desktop/work/cs-server-api/cs_server_api/venv/lib/python3.12/site-packages/starlette/middleware/errors.py", line 164, in __call__
    await self.app(scope, receive, _send)
  File "/home/hesam/Desktop/work/cs-server-api/cs_server_api/venv/lib/python3.12/site-packages/starlette/middleware/base.py", line 191, in __call__
    with recv_stream, send_stream, collapse_excgroups():
  File "/usr/lib/python3.12/contextlib.py", line 158, in __exit__
    self.gen.throw(value)
  File "/home/hesam/Desktop/work/cs-server-api/cs_server_api/venv/lib/python3.12/site-packages/starlette/_utils.py", line 85, in collapse_excgroups
    raise exc
  File "/home/hesam/Desktop/work/cs-server-api/cs_server_api/venv/lib/python3.12/site-packages/starlette/middleware/base.py", line 193, in __call__
    response = await self.dispatch_func(request, call_next)
               ^^^^^^^^^^^^^^^^^^^^^^^^^^^^^^^^^^^^^^^^^^^^
  File "/home/hesam/Desktop/work/cs-server-api/cs_server_api/app/main.py", line 35, in api_key_middleware
    raise HTTPException(status_code=HTTP_401_UNAUTHORIZED, detail="Invalid or missing API key")
fastapi.exceptions.HTTPException: 401: Invalid or missing API key
2026-02-22 11:56:05,948 [INFO] app: HTTP GET /serverList
2026-02-22 11:56:05,953 [INFO] app: Received /instanceAll
2026-02-22 11:56:05,955 [DEBUG] app.services.a2s_service: Querying A2S 94.101.179.89:27015
2026-02-22 11:56:05,958 [DEBUG] app.services.a2s_service: Querying A2S 94.101.179.89:27025
2026-02-22 11:56:05,961 [DEBUG] app.services.a2s_service: Querying A2S 94.101.179.89:27035
2026-02-22 11:56:05,963 [DEBUG] app.services.a2s_service: Querying A2S 94.101.179.89:27045
2026-02-22 11:56:05,964 [DEBUG] app.services.a2s_service: Querying A2S 94.101.179.89:27055
2026-02-22 11:56:08,962 [WARNING] app.services.a2s_service: Timeout querying server 94.101.179.89:27015
2026-02-22 11:56:08,965 [WARNING] app.services.a2s_service: Timeout querying server 94.101.179.89:27025
2026-02-22 11:56:08,967 [WARNING] app.services.a2s_service: Timeout querying server 94.101.179.89:27035
2026-02-22 11:56:08,968 [WARNING] app.services.a2s_service: Timeout querying server 94.101.179.89:27045
2026-02-22 11:56:08,971 [WARNING] app.services.a2s_service: Timeout querying server 94.101.179.89:27055
2026-02-22 11:56:08,973 [INFO] app: Completed GET /serverList in 3.025s -> 200
2026-02-22 11:56:08,974 [INFO] uvicorn.access: 127.0.0.1:53840 - "GET /serverList?X-API-Key=sk_live_7lG6Jk5xuJfoepe4qxo1zilZ3S4UQT1d HTTP/1.1" 200
2026-02-22 11:56:09,066 [WARNING] app: Unauthorized request to /favicon.ico from 127.0.0.1
2026-02-22 11:56:09,069 [INFO] uvicorn.access: 127.0.0.1:53840 - "GET /favicon.ico HTTP/1.1" 500
2026-02-22 11:56:09,071 [ERROR] uvicorn.error: Exception in ASGI application
  + Exception Group Traceback (most recent call last):
  |   File "/home/hesam/Desktop/work/cs-server-api/cs_server_api/venv/lib/python3.12/site-packages/starlette/_utils.py", line 79, in collapse_excgroups
  |     yield
  |   File "/home/hesam/Desktop/work/cs-server-api/cs_server_api/venv/lib/python3.12/site-packages/starlette/middleware/base.py", line 192, in __call__
  |     async with anyio.create_task_group() as task_group:
  |   File "/home/hesam/Desktop/work/cs-server-api/cs_server_api/venv/lib/python3.12/site-packages/anyio/_backends/_asyncio.py", line 783, in __aexit__
  |     raise BaseExceptionGroup(
  | ExceptionGroup: unhandled errors in a TaskGroup (1 sub-exception)
  +-+---------------- 1 ----------------
    | Traceback (most recent call last):
    |   File "/home/hesam/Desktop/work/cs-server-api/cs_server_api/venv/lib/python3.12/site-packages/uvicorn/protocols/http/httptools_impl.py", line 416, in run_asgi
    |     result = await app(  # type: ignore[func-returns-value]
    |              ^^^^^^^^^^^^^^^^^^^^^^^^^^^^^^^^^^^^^^^^^^^^^^
    |   File "/home/hesam/Desktop/work/cs-server-api/cs_server_api/venv/lib/python3.12/site-packages/uvicorn/middleware/proxy_headers.py", line 60, in __call__
    |     return await self.app(scope, receive, send)
    |            ^^^^^^^^^^^^^^^^^^^^^^^^^^^^^^^^^^^^
    |   File "/home/hesam/Desktop/work/cs-server-api/cs_server_api/venv/lib/python3.12/site-packages/fastapi/applications.py", line 1135, in __call__
    |     await super().__call__(scope, receive, send)
    |   File "/home/hesam/Desktop/work/cs-server-api/cs_server_api/venv/lib/python3.12/site-packages/starlette/applications.py", line 107, in __call__
    |     await self.middleware_stack(scope, receive, send)
    |   File "/home/hesam/Desktop/work/cs-server-api/cs_server_api/venv/lib/python3.12/site-packages/starlette/middleware/errors.py", line 186, in __call__
    |     raise exc
    |   File "/home/hesam/Desktop/work/cs-server-api/cs_server_api/venv/lib/python3.12/site-packages/starlette/middleware/errors.py", line 164, in __call__
    |     await self.app(scope, receive, _send)
    |   File "/home/hesam/Desktop/work/cs-server-api/cs_server_api/venv/lib/python3.12/site-packages/starlette/middleware/base.py", line 191, in __call__
    |     with recv_stream, send_stream, collapse_excgroups():
    |   File "/usr/lib/python3.12/contextlib.py", line 158, in __exit__
    |     self.gen.throw(value)
    |   File "/home/hesam/Desktop/work/cs-server-api/cs_server_api/venv/lib/python3.12/site-packages/starlette/_utils.py", line 85, in collapse_excgroups
    |     raise exc
    |   File "/home/hesam/Desktop/work/cs-server-api/cs_server_api/venv/lib/python3.12/site-packages/starlette/middleware/base.py", line 193, in __call__
    |     response = await self.dispatch_func(request, call_next)
    |                ^^^^^^^^^^^^^^^^^^^^^^^^^^^^^^^^^^^^^^^^^^^^
    |   File "/home/hesam/Desktop/work/cs-server-api/cs_server_api/app/main.py", line 35, in api_key_middleware
    |     raise HTTPException(status_code=HTTP_401_UNAUTHORIZED, detail="Invalid or missing API key")
    | fastapi.exceptions.HTTPException: 401: Invalid or missing API key
    +------------------------------------

During handling of the above exception, another exception occurred:

Traceback (most recent call last):
  File "/home/hesam/Desktop/work/cs-server-api/cs_server_api/venv/lib/python3.12/site-packages/uvicorn/protocols/http/httptools_impl.py", line 416, in run_asgi
    result = await app(  # type: ignore[func-returns-value]
             ^^^^^^^^^^^^^^^^^^^^^^^^^^^^^^^^^^^^^^^^^^^^^^
  File "/home/hesam/Desktop/work/cs-server-api/cs_server_api/venv/lib/python3.12/site-packages/uvicorn/middleware/proxy_headers.py", line 60, in __call__
    return await self.app(scope, receive, send)
           ^^^^^^^^^^^^^^^^^^^^^^^^^^^^^^^^^^^^
  File "/home/hesam/Desktop/work/cs-server-api/cs_server_api/venv/lib/python3.12/site-packages/fastapi/applications.py", line 1135, in __call__
    await super().__call__(scope, receive, send)
  File "/home/hesam/Desktop/work/cs-server-api/cs_server_api/venv/lib/python3.12/site-packages/starlette/applications.py", line 107, in __call__
    await self.middleware_stack(scope, receive, send)
  File "/home/hesam/Desktop/work/cs-server-api/cs_server_api/venv/lib/python3.12/site-packages/starlette/middleware/errors.py", line 186, in __call__
    raise exc
  File "/home/hesam/Desktop/work/cs-server-api/cs_server_api/venv/lib/python3.12/site-packages/starlette/middleware/errors.py", line 164, in __call__
    await self.app(scope, receive, _send)
  File "/home/hesam/Desktop/work/cs-server-api/cs_server_api/venv/lib/python3.12/site-packages/starlette/middleware/base.py", line 191, in __call__
    with recv_stream, send_stream, collapse_excgroups():
  File "/usr/lib/python3.12/contextlib.py", line 158, in __exit__
    self.gen.throw(value)
  File "/home/hesam/Desktop/work/cs-server-api/cs_server_api/venv/lib/python3.12/site-packages/starlette/_utils.py", line 85, in collapse_excgroups
    raise exc
  File "/home/hesam/Desktop/work/cs-server-api/cs_server_api/venv/lib/python3.12/site-packages/starlette/middleware/base.py", line 193, in __call__
    response = await self.dispatch_func(request, call_next)
               ^^^^^^^^^^^^^^^^^^^^^^^^^^^^^^^^^^^^^^^^^^^^
  File "/home/hesam/Desktop/work/cs-server-api/cs_server_api/app/main.py", line 35, in api_key_middleware
    raise HTTPException(status_code=HTTP_401_UNAUTHORIZED, detail="Invalid or missing API key")
fastapi.exceptions.HTTPException: 401: Invalid or missing API key
2026-02-22 11:56:53,111 [INFO] app: HTTP GET /serverList
2026-02-22 11:56:53,116 [INFO] app: Received /instanceAll
2026-02-22 11:56:53,117 [DEBUG] app.services.a2s_service: Querying A2S 94.101.179.89:27015
2026-02-22 11:56:53,121 [DEBUG] app.services.a2s_service: Querying A2S 94.101.179.89:27025
2026-02-22 11:56:53,123 [DEBUG] app.services.a2s_service: Querying A2S 94.101.179.89:27035
2026-02-22 11:56:53,125 [DEBUG] app.services.a2s_service: Querying A2S 94.101.179.89:27045
2026-02-22 11:56:53,127 [DEBUG] app.services.a2s_service: Querying A2S 94.101.179.89:27055
2026-02-22 11:56:56,126 [WARNING] app.services.a2s_service: Timeout querying server 94.101.179.89:27015
2026-02-22 11:56:56,128 [WARNING] app.services.a2s_service: Timeout querying server 94.101.179.89:27025
2026-02-22 11:56:56,132 [WARNING] app.services.a2s_service: Timeout querying server 94.101.179.89:27035
2026-02-22 11:56:56,134 [WARNING] app.services.a2s_service: Timeout querying server 94.101.179.89:27045
2026-02-22 11:56:56,135 [WARNING] app.services.a2s_service: Timeout querying server 94.101.179.89:27055
2026-02-22 11:56:56,137 [INFO] app: Completed GET /serverList in 3.026s -> 200
2026-02-22 11:56:56,137 [INFO] uvicorn.access: 127.0.0.1:44358 - "GET /serverList?X-API-Key=sk_live_7lG6Jk5xuJfoepe4qxo1zilZ3S4UQT1d HTTP/1.1" 200
2026-02-22 11:56:56,227 [INFO] app: HTTP GET /favicon.ico
2026-02-22 11:56:56,229 [INFO] app: Completed GET /favicon.ico in 0.002s -> 404
2026-02-22 11:56:56,230 [INFO] uvicorn.access: 127.0.0.1:44358 - "GET /favicon.ico HTTP/1.1" 404
2026-02-22 11:57:03,007 [INFO] app: HTTP GET /serverList
2026-02-22 11:57:03,009 [INFO] app: Received /instanceAll
2026-02-22 11:57:03,012 [DEBUG] app.services.a2s_service: Querying A2S 94.101.179.89:27015
2026-02-22 11:57:03,013 [DEBUG] app.services.a2s_service: Querying A2S 94.101.179.89:27025
2026-02-22 11:57:03,014 [DEBUG] app.services.a2s_service: Querying A2S 94.101.179.89:27035
2026-02-22 11:57:03,015 [DEBUG] app.services.a2s_service: Querying A2S 94.101.179.89:27045
2026-02-22 11:57:03,018 [DEBUG] app.services.a2s_service: Querying A2S 94.101.179.89:27055
2026-02-22 11:57:06,018 [WARNING] app.services.a2s_service: Timeout querying server 94.101.179.89:27015
2026-02-22 11:57:06,022 [WARNING] app.services.a2s_service: Timeout querying server 94.101.179.89:27035
2026-02-22 11:57:06,023 [WARNING] app.services.a2s_service: Timeout querying server 94.101.179.89:27025
2026-02-22 11:57:06,024 [WARNING] app.services.a2s_service: Timeout querying server 94.101.179.89:27055
2026-02-22 11:57:06,024 [WARNING] app.services.a2s_service: Timeout querying server 94.101.179.89:27045
2026-02-22 11:57:06,026 [INFO] app: Completed GET /serverList in 3.019s -> 200
2026-02-22 11:57:06,027 [INFO] uvicorn.access: 127.0.0.1:44368 - "GET /serverList HTTP/1.1" 200
2026-02-22 11:57:10,761 [INFO] app: HTTP GET /serverList
2026-02-22 11:57:10,762 [INFO] app: Received /instanceAll
2026-02-22 11:57:10,764 [DEBUG] app.services.a2s_service: Querying A2S 94.101.179.89:27015
2026-02-22 11:57:10,764 [DEBUG] app.services.a2s_service: Querying A2S 94.101.179.89:27025
2026-02-22 11:57:10,766 [DEBUG] app.services.a2s_service: Querying A2S 94.101.179.89:27035
2026-02-22 11:57:10,767 [DEBUG] app.services.a2s_service: Querying A2S 94.101.179.89:27045
2026-02-22 11:57:10,768 [DEBUG] app.services.a2s_service: Querying A2S 94.101.179.89:27055
2026-02-22 11:57:13,771 [WARNING] app.services.a2s_service: Timeout querying server 94.101.179.89:27035
2026-02-22 11:57:13,774 [WARNING] app.services.a2s_service: Timeout querying server 94.101.179.89:27025
2026-02-22 11:57:13,775 [WARNING] app.services.a2s_service: Timeout querying server 94.101.179.89:27055
2026-02-22 11:57:13,775 [WARNING] app.services.a2s_service: Timeout querying server 94.101.179.89:27045
2026-02-22 11:57:13,775 [WARNING] app.services.a2s_service: Timeout querying server 94.101.179.89:27015
2026-02-22 11:57:13,777 [INFO] app: Completed GET /serverList in 3.016s -> 200
2026-02-22 11:57:13,777 [INFO] uvicorn.access: 127.0.0.1:44368 - "GET /serverList HTTP/1.1" 200
2026-02-22 11:57:28,256 [INFO] app: HTTP GET /serverList
2026-02-22 11:57:28,257 [INFO] app: Received /instanceAll
2026-02-22 11:57:28,259 [DEBUG] app.services.a2s_service: Querying A2S 94.101.179.89:27015
2026-02-22 11:57:28,259 [DEBUG] app.services.a2s_service: Querying A2S 94.101.179.89:27025
2026-02-22 11:57:28,259 [DEBUG] app.services.a2s_service: Querying A2S 94.101.179.89:27035
2026-02-22 11:57:28,260 [DEBUG] app.services.a2s_service: Querying A2S 94.101.179.89:27045
2026-02-22 11:57:28,261 [DEBUG] app.services.a2s_service: Querying A2S 94.101.179.89:27055
2026-02-22 11:57:31,266 [WARNING] app.services.a2s_service: Timeout querying server 94.101.179.89:27035
2026-02-22 11:57:31,268 [WARNING] app.services.a2s_service: Timeout querying server 94.101.179.89:27025
2026-02-22 11:57:31,269 [WARNING] app.services.a2s_service: Timeout querying server 94.101.179.89:27015
2026-02-22 11:57:31,270 [WARNING] app.services.a2s_service: Timeout querying server 94.101.179.89:27045
2026-02-22 11:57:31,270 [WARNING] app.services.a2s_service: Timeout querying server 94.101.179.89:27055
2026-02-22 11:57:31,271 [INFO] app: Completed GET /serverList in 3.015s -> 200
2026-02-22 11:57:31,272 [INFO] uvicorn.access: 127.0.0.1:47764 - "GET /serverList HTTP/1.1" 200
2026-02-22 11:58:03,578 [INFO] app: HTTP GET /serverList
2026-02-22 11:58:03,582 [INFO] app: Received /instanceAll
2026-02-22 11:58:03,584 [DEBUG] app.services.a2s_service: Querying A2S 94.101.179.89:27015
2026-02-22 11:58:03,588 [DEBUG] app.services.a2s_service: Querying A2S 94.101.179.89:27025
2026-02-22 11:58:03,590 [DEBUG] app.services.a2s_service: Querying A2S 94.101.179.89:27035
2026-02-22 11:58:03,592 [DEBUG] app.services.a2s_service: Querying A2S 94.101.179.89:27045
2026-02-22 11:58:03,594 [DEBUG] app.services.a2s_service: Querying A2S 94.101.179.89:27055
2026-02-22 11:58:06,596 [WARNING] app.services.a2s_service: Timeout querying server 94.101.179.89:27035
2026-02-22 11:58:06,599 [WARNING] app.services.a2s_service: Timeout querying server 94.101.179.89:27045
2026-02-22 11:58:06,601 [INFO] app: Completed GET /serverList in 3.023s -> 200
2026-02-22 11:58:06,602 [INFO] uvicorn.access: 127.0.0.1:33978 - "GET /serverList HTTP/1.1" 200
2026-02-22 12:29:57,392 [WARNING] app: Unauthorized request to /serverList from 127.0.0.1
2026-02-22 12:29:57,393 [INFO] uvicorn.access: 127.0.0.1:54178 - "GET /serverList HTTP/1.1" 500
2026-02-22 12:29:57,394 [ERROR] uvicorn.error: Exception in ASGI application
  + Exception Group Traceback (most recent call last):
  |   File "/home/hesam/Desktop/work/cs-server-api/cs_server_api/venv/lib/python3.12/site-packages/starlette/_utils.py", line 79, in collapse_excgroups
  |     yield
  |   File "/home/hesam/Desktop/work/cs-server-api/cs_server_api/venv/lib/python3.12/site-packages/starlette/middleware/base.py", line 192, in __call__
  |     async with anyio.create_task_group() as task_group:
  |   File "/home/hesam/Desktop/work/cs-server-api/cs_server_api/venv/lib/python3.12/site-packages/anyio/_backends/_asyncio.py", line 783, in __aexit__
  |     raise BaseExceptionGroup(
  | ExceptionGroup: unhandled errors in a TaskGroup (1 sub-exception)
  +-+---------------- 1 ----------------
    | Traceback (most recent call last):
    |   File "/home/hesam/Desktop/work/cs-server-api/cs_server_api/venv/lib/python3.12/site-packages/uvicorn/protocols/http/httptools_impl.py", line 416, in run_asgi
    |     result = await app(  # type: ignore[func-returns-value]
    |              ^^^^^^^^^^^^^^^^^^^^^^^^^^^^^^^^^^^^^^^^^^^^^^
    |   File "/home/hesam/Desktop/work/cs-server-api/cs_server_api/venv/lib/python3.12/site-packages/uvicorn/middleware/proxy_headers.py", line 60, in __call__
    |     return await self.app(scope, receive, send)
    |            ^^^^^^^^^^^^^^^^^^^^^^^^^^^^^^^^^^^^
    |   File "/home/hesam/Desktop/work/cs-server-api/cs_server_api/venv/lib/python3.12/site-packages/fastapi/applications.py", line 1135, in __call__
    |     await super().__call__(scope, receive, send)
    |   File "/home/hesam/Desktop/work/cs-server-api/cs_server_api/venv/lib/python3.12/site-packages/starlette/applications.py", line 107, in __call__
    |     await self.middleware_stack(scope, receive, send)
    |   File "/home/hesam/Desktop/work/cs-server-api/cs_server_api/venv/lib/python3.12/site-packages/starlette/middleware/errors.py", line 186, in __call__
    |     raise exc
    |   File "/home/hesam/Desktop/work/cs-server-api/cs_server_api/venv/lib/python3.12/site-packages/starlette/middleware/errors.py", line 164, in __call__
    |     await self.app(scope, receive, _send)
    |   File "/home/hesam/Desktop/work/cs-server-api/cs_server_api/venv/lib/python3.12/site-packages/starlette/middleware/base.py", line 191, in __call__
    |     with recv_stream, send_stream, collapse_excgroups():
    |   File "/usr/lib/python3.12/contextlib.py", line 158, in __exit__
    |     self.gen.throw(value)
    |   File "/home/hesam/Desktop/work/cs-server-api/cs_server_api/venv/lib/python3.12/site-packages/starlette/_utils.py", line 85, in collapse_excgroups
    |     raise exc
    |   File "/home/hesam/Desktop/work/cs-server-api/cs_server_api/venv/lib/python3.12/site-packages/starlette/middleware/base.py", line 193, in __call__
    |     response = await self.dispatch_func(request, call_next)
    |                ^^^^^^^^^^^^^^^^^^^^^^^^^^^^^^^^^^^^^^^^^^^^
    |   File "/home/hesam/Desktop/work/cs-server-api/cs_server_api/app/main.py", line 35, in api_key_middleware
    |     raise HTTPException(status_code=HTTP_401_UNAUTHORIZED, detail="Invalid or missing API key")
    | fastapi.exceptions.HTTPException: 401: Invalid or missing API key
    +------------------------------------

During handling of the above exception, another exception occurred:

Traceback (most recent call last):
  File "/home/hesam/Desktop/work/cs-server-api/cs_server_api/venv/lib/python3.12/site-packages/uvicorn/protocols/http/httptools_impl.py", line 416, in run_asgi
    result = await app(  # type: ignore[func-returns-value]
             ^^^^^^^^^^^^^^^^^^^^^^^^^^^^^^^^^^^^^^^^^^^^^^
  File "/home/hesam/Desktop/work/cs-server-api/cs_server_api/venv/lib/python3.12/site-packages/uvicorn/middleware/proxy_headers.py", line 60, in __call__
    return await self.app(scope, receive, send)
           ^^^^^^^^^^^^^^^^^^^^^^^^^^^^^^^^^^^^
  File "/home/hesam/Desktop/work/cs-server-api/cs_server_api/venv/lib/python3.12/site-packages/fastapi/applications.py", line 1135, in __call__
    await super().__call__(scope, receive, send)
  File "/home/hesam/Desktop/work/cs-server-api/cs_server_api/venv/lib/python3.12/site-packages/starlette/applications.py", line 107, in __call__
    await self.middleware_stack(scope, receive, send)
  File "/home/hesam/Desktop/work/cs-server-api/cs_server_api/venv/lib/python3.12/site-packages/starlette/middleware/errors.py", line 186, in __call__
    raise exc
  File "/home/hesam/Desktop/work/cs-server-api/cs_server_api/venv/lib/python3.12/site-packages/starlette/middleware/errors.py", line 164, in __call__
    await self.app(scope, receive, _send)
  File "/home/hesam/Desktop/work/cs-server-api/cs_server_api/venv/lib/python3.12/site-packages/starlette/middleware/base.py", line 191, in __call__
    with recv_stream, send_stream, collapse_excgroups():
  File "/usr/lib/python3.12/contextlib.py", line 158, in __exit__
    self.gen.throw(value)
  File "/home/hesam/Desktop/work/cs-server-api/cs_server_api/venv/lib/python3.12/site-packages/starlette/_utils.py", line 85, in collapse_excgroups
    raise exc
  File "/home/hesam/Desktop/work/cs-server-api/cs_server_api/venv/lib/python3.12/site-packages/starlette/middleware/base.py", line 193, in __call__
    response = await self.dispatch_func(request, call_next)
               ^^^^^^^^^^^^^^^^^^^^^^^^^^^^^^^^^^^^^^^^^^^^
  File "/home/hesam/Desktop/work/cs-server-api/cs_server_api/app/main.py", line 35, in api_key_middleware
    raise HTTPException(status_code=HTTP_401_UNAUTHORIZED, detail="Invalid or missing API key")
fastapi.exceptions.HTTPException: 401: Invalid or missing API key
2026-02-22 12:30:06,955 [WARNING] app: Unauthorized request to /serverList from 127.0.0.1
2026-02-22 12:30:06,956 [INFO] uvicorn.access: 127.0.0.1:54192 - "GET /serverList HTTP/1.1" 500
2026-02-22 12:30:06,957 [ERROR] uvicorn.error: Exception in ASGI application
  + Exception Group Traceback (most recent call last):
  |   File "/home/hesam/Desktop/work/cs-server-api/cs_server_api/venv/lib/python3.12/site-packages/starlette/_utils.py", line 79, in collapse_excgroups
  |     yield
  |   File "/home/hesam/Desktop/work/cs-server-api/cs_server_api/venv/lib/python3.12/site-packages/starlette/middleware/base.py", line 192, in __call__
  |     async with anyio.create_task_group() as task_group:
  |   File "/home/hesam/Desktop/work/cs-server-api/cs_server_api/venv/lib/python3.12/site-packages/anyio/_backends/_asyncio.py", line 783, in __aexit__
  |     raise BaseExceptionGroup(
  | ExceptionGroup: unhandled errors in a TaskGroup (1 sub-exception)
  +-+---------------- 1 ----------------
    | Traceback (most recent call last):
    |   File "/home/hesam/Desktop/work/cs-server-api/cs_server_api/venv/lib/python3.12/site-packages/uvicorn/protocols/http/httptools_impl.py", line 416, in run_asgi
    |     result = await app(  # type: ignore[func-returns-value]
    |              ^^^^^^^^^^^^^^^^^^^^^^^^^^^^^^^^^^^^^^^^^^^^^^
    |   File "/home/hesam/Desktop/work/cs-server-api/cs_server_api/venv/lib/python3.12/site-packages/uvicorn/middleware/proxy_headers.py", line 60, in __call__
    |     return await self.app(scope, receive, send)
    |            ^^^^^^^^^^^^^^^^^^^^^^^^^^^^^^^^^^^^
    |   File "/home/hesam/Desktop/work/cs-server-api/cs_server_api/venv/lib/python3.12/site-packages/fastapi/applications.py", line 1135, in __call__
    |     await super().__call__(scope, receive, send)
    |   File "/home/hesam/Desktop/work/cs-server-api/cs_server_api/venv/lib/python3.12/site-packages/starlette/applications.py", line 107, in __call__
    |     await self.middleware_stack(scope, receive, send)
    |   File "/home/hesam/Desktop/work/cs-server-api/cs_server_api/venv/lib/python3.12/site-packages/starlette/middleware/errors.py", line 186, in __call__
    |     raise exc
    |   File "/home/hesam/Desktop/work/cs-server-api/cs_server_api/venv/lib/python3.12/site-packages/starlette/middleware/errors.py", line 164, in __call__
    |     await self.app(scope, receive, _send)
    |   File "/home/hesam/Desktop/work/cs-server-api/cs_server_api/venv/lib/python3.12/site-packages/starlette/middleware/base.py", line 191, in __call__
    |     with recv_stream, send_stream, collapse_excgroups():
    |   File "/usr/lib/python3.12/contextlib.py", line 158, in __exit__
    |     self.gen.throw(value)
    |   File "/home/hesam/Desktop/work/cs-server-api/cs_server_api/venv/lib/python3.12/site-packages/starlette/_utils.py", line 85, in collapse_excgroups
    |     raise exc
    |   File "/home/hesam/Desktop/work/cs-server-api/cs_server_api/venv/lib/python3.12/site-packages/starlette/middleware/base.py", line 193, in __call__
    |     response = await self.dispatch_func(request, call_next)
    |                ^^^^^^^^^^^^^^^^^^^^^^^^^^^^^^^^^^^^^^^^^^^^
    |   File "/home/hesam/Desktop/work/cs-server-api/cs_server_api/app/main.py", line 35, in api_key_middleware
    |     raise HTTPException(status_code=HTTP_401_UNAUTHORIZED, detail="Invalid or missing API key")
    | fastapi.exceptions.HTTPException: 401: Invalid or missing API key
    +------------------------------------

During handling of the above exception, another exception occurred:

Traceback (most recent call last):
  File "/home/hesam/Desktop/work/cs-server-api/cs_server_api/venv/lib/python3.12/site-packages/uvicorn/protocols/http/httptools_impl.py", line 416, in run_asgi
    result = await app(  # type: ignore[func-returns-value]
             ^^^^^^^^^^^^^^^^^^^^^^^^^^^^^^^^^^^^^^^^^^^^^^
  File "/home/hesam/Desktop/work/cs-server-api/cs_server_api/venv/lib/python3.12/site-packages/uvicorn/middleware/proxy_headers.py", line 60, in __call__
    return await self.app(scope, receive, send)
           ^^^^^^^^^^^^^^^^^^^^^^^^^^^^^^^^^^^^
  File "/home/hesam/Desktop/work/cs-server-api/cs_server_api/venv/lib/python3.12/site-packages/fastapi/applications.py", line 1135, in __call__
    await super().__call__(scope, receive, send)
  File "/home/hesam/Desktop/work/cs-server-api/cs_server_api/venv/lib/python3.12/site-packages/starlette/applications.py", line 107, in __call__
    await self.middleware_stack(scope, receive, send)
  File "/home/hesam/Desktop/work/cs-server-api/cs_server_api/venv/lib/python3.12/site-packages/starlette/middleware/errors.py", line 186, in __call__
    raise exc
  File "/home/hesam/Desktop/work/cs-server-api/cs_server_api/venv/lib/python3.12/site-packages/starlette/middleware/errors.py", line 164, in __call__
    await self.app(scope, receive, _send)
  File "/home/hesam/Desktop/work/cs-server-api/cs_server_api/venv/lib/python3.12/site-packages/starlette/middleware/base.py", line 191, in __call__
    with recv_stream, send_stream, collapse_excgroups():
  File "/usr/lib/python3.12/contextlib.py", line 158, in __exit__
    self.gen.throw(value)
  File "/home/hesam/Desktop/work/cs-server-api/cs_server_api/venv/lib/python3.12/site-packages/starlette/_utils.py", line 85, in collapse_excgroups
    raise exc
  File "/home/hesam/Desktop/work/cs-server-api/cs_server_api/venv/lib/python3.12/site-packages/starlette/middleware/base.py", line 193, in __call__
    response = await self.dispatch_func(request, call_next)
               ^^^^^^^^^^^^^^^^^^^^^^^^^^^^^^^^^^^^^^^^^^^^
  File "/home/hesam/Desktop/work/cs-server-api/cs_server_api/app/main.py", line 35, in api_key_middleware
    raise HTTPException(status_code=HTTP_401_UNAUTHORIZED, detail="Invalid or missing API key")
fastapi.exceptions.HTTPException: 401: Invalid or missing API key
2026-02-22 12:30:26,840 [INFO] app: HTTP GET /serverList
2026-02-22 12:30:26,844 [INFO] app: Received /instanceAll
2026-02-22 12:30:26,845 [DEBUG] app.services.a2s_service: Querying A2S 94.101.179.89:27015
2026-02-22 12:30:26,850 [DEBUG] app.services.a2s_service: Querying A2S 94.101.179.89:27025
2026-02-22 12:30:26,852 [DEBUG] app.services.a2s_service: Querying A2S 94.101.179.89:27035
2026-02-22 12:30:26,853 [DEBUG] app.services.a2s_service: Querying A2S 94.101.179.89:27045
2026-02-22 12:30:26,855 [DEBUG] app.services.a2s_service: Querying A2S 94.101.179.89:27055
2026-02-22 12:30:29,857 [WARNING] app.services.a2s_service: Timeout querying server 94.101.179.89:27035
2026-02-22 12:30:29,859 [WARNING] app.services.a2s_service: Timeout querying server 94.101.179.89:27045
2026-02-22 12:30:29,861 [INFO] app: Completed GET /serverList in 3.021s -> 200
2026-02-22 12:30:29,862 [INFO] uvicorn.access: 127.0.0.1:46894 - "GET /serverList?X-API-Key=sk_live_7lG6Jk5xuJfoepe4qxo1zilZ3S4UQT1d HTTP/1.1" 200
